// Jest Snapshot v1, https://goo.gl/fbAQLP

exports[`Notifications properly throws if "options.intervalMs" is used on iOS 1`] = `[Error: "intervalMs" option is not supported on iOS]`;
